"other"
"fourth|testing"
"fifth|purposes"
"first|Test|optional"
"second|Text"
"third|for|optional for third"
