"fourth-testing"
"fifth-purposes"
"first-Test"
"second-Text"
"third-for"
