"0x1002"
"0x1003"
"0x1004"
"0x1005"
"0x1008"
"stringly data for nie:identifier"
